C51 COMPILER V9.57.0.0   C51                                                               05/26/2022 12:01:40 PAGE 1   


C51 COMPILER V9.57.0.0, COMPILATION OF MODULE C51
OBJECT MODULE PLACED IN C51.obj
COMPILER INVOKED BY: E:\keil\C51\BIN\C51.EXE src\C51.c OPTIMIZE(8,SPEED) BROWSE DEBUG OBJECTEXTEND PRINT(.\C51.lst) TABS
                    -(2) OBJECT(C51.obj)

line level    source

   1          /*
   2           * @LastEditors: Dark white
   3           * @LastEditTime: 2022-05-26 00:18:09
   4           * @FilePath: \51-car-mabiao\src\C51.c
   5           * @Description:
   6           *
   7           * Copyright (c) 2022 by Dark white, All Rights Reserved.
   8           */
   9          #include "../app/display.h"
  10          #include "../app/key_task.h"
  11          #include "../app/wendu.h"
  12          #include "../app/time.h"
  13          #include "../driver/HAL_INIT.h"
  14          #include "../driver/uart.h"
  15          /* ------------STATIC---------------------- */
  16          static uint16 count;
  17          static uint8 ms = 0;
  18          static uint8 s = 0;
  19          static uint8 ten_s = 0;
  20          /*----------- global variable----------------*/
  21          uint8 page;
  22          uint8 speed_h;  //报警值km/h
  23          uint8 speed_km; // km/s
  24          uint8 diameter;
  25          uint8 mileage;
  26          uint16 speed_m;      // m/s
  27          uint16 mileage_temp; //每1公里清零一次用于累加mileage
  28          uint16 n = 0;        //转速r/min
  29          
  30          /* ------------HARDWARE---------------------- */
  31          sbit beep = P3 ^ 2;
  32          bit beep1 = 1;
  33          /* ------------FUNCTION---------------------- */
  34          static void alarm();
  35          
  36          void main() {
  37   1        LCD1602_cls(); //Initialize LCD
  38   1        uart_init(1, 1);
  39   1        hal_init();
  40   1        read_memory(); //eeprom
  41   1        while (1) {
  42   2          alarm();
  43   2          key_regesiter();
  44   2          display(page);
  45   2          update_time();
  46   2          /* 1s call */
  47   2          if (ten_s >= 20) {
  48   3            ten_s = 0;
  49   3            Get_Tmp();
  50   3          }
  51   2        }
  52   1      }
  53          
  54          void time0() interrupt 1 //timer 0
C51 COMPILER V9.57.0.0   C51                                                               05/26/2022 12:01:40 PAGE 2   

  55          {
  56   1        TH0 = 0x3C;
  57   1        TL0 = 0xb0;      // 50ms timing
  58   1        ms++;            // 50ms
  59   1        ten_s++;         //For timing 10s
  60   1        if (page == 6) { //Save success page
  61   2          s++;
  62   2        }
  63   1        /* 蜂鸣器 */
  64   1        if (beep1) {
  65   2          beep = ~beep;
  66   2        } else {
  67   2          beep = 1;
  68   2        }
  69   1      
  70   1        /*---------------- Calculation speed--------------- */
  71   1        if (ms >= 20) { // 1s定时
  72   2          ms = 0;
  73   2          EX1 = 0; //关闭外部中断，保证变量在计算的时候不会增加
  74   2          n = count * 60; // 60s/1s
  75   2          count = 0; //清零变量
  76   2          EX1 = 1;   //打开外部中断
  77   2          speed_m = n * diameter * 2.54 * 3.14 / 100 / 60; //轮径单位英寸 1英寸=2.54cm m/min
  78   2          speed_km = speed_m * 3.6;
  79   2          mileage_temp += speed_m;
  80   2          if (mileage_temp >= 1000) {
  81   3            mileage_temp = 0;
  82   3            mileage++;
  83   3          }
  84   2          if (mileage >= 99) {
  85   3            mileage = 0;
  86   3          }
  87   2        }
  88   1        /* ----------page6 successful page for 1.5s --------*/
  89   1        if (s % 30 == 0 && page == 6) { // 1.5s
  90   2          s = 0;
  91   2          page = 0;
  92   2        }
  93   1      }
  94          
  95          void int1() interrupt 2 { //External interrupt 1
  96   1        count++;                //用于计算圈数
  97   1      }
  98          
  99          static void alarm() {
 100   1        if ((speed_km > speed_h)) {
 101   2          beep1 = 1;
 102   2        } else {
 103   2          beep1 = 0;
 104   2        }
 105   1      }


MODULE INFORMATION:   STATIC OVERLAYABLE
   CODE SIZE        =    333    ----
   CONSTANT SIZE    =   ----    ----
   XDATA SIZE       =   ----    ----
   PDATA SIZE       =   ----    ----
   DATA SIZE        =     16    ----
   IDATA SIZE       =   ----    ----
   BIT SIZE         =      1    ----
END OF MODULE INFORMATION.

C51 COMPILER V9.57.0.0   C51                                                               05/26/2022 12:01:40 PAGE 3   


C51 COMPILATION COMPLETE.  0 WARNING(S),  0 ERROR(S)
