C51 COMPILER V9.57.0.0   KEY                                                               05/25/2022 15:40:51 PAGE 1   


C51 COMPILER V9.57.0.0, COMPILATION OF MODULE KEY
OBJECT MODULE PLACED IN key.obj
COMPILER INVOKED BY: E:\keil\C51\BIN\C51.EXE driver\key.c OPTIMIZE(8,SPEED) BROWSE DEBUG OBJECTEXTEND PRINT(.\key.lst) T
                    -ABS(2) OBJECT(key.obj)

line level    source

   1          /*
   2           * @LastEditors: Dark white
   3           * @LastEditTime: 2022-05-24 00:07:32
   4           * @FilePath: \mabiao\driver\key.c
   5           * @Description:
   6           *
   7           * Copyright (c) 2022 by Dark white, All Rights Reserved.
   8           */
   9          #include "key.h"
  10          uint8 key_scan() {
  11   1        if (KEY_DOWN == 0) {
  12   2          while (!KEY_DOWN);
  13   2          return flag_down;
  14   2        }
  15   1        if (KEY_UP == 0) {
  16   2          while (!KEY_UP);
  17   2          return flag_up;
  18   2        }
  19   1        if (KEY_LEFT == 0) { 
  20   2          while (!KEY_LEFT);
  21   2          return flag_left;
  22   2        }
  23   1        if (KEY_RIGHT == 0) {
  24   2          while (!KEY_RIGHT);
  25   2          return flag_right;
  26   2        }
  27   1      }
*** WARNING C291 IN LINE 27 OF driver\key.c: not every exit path returns a value


MODULE INFORMATION:   STATIC OVERLAYABLE
   CODE SIZE        =     36    ----
   CONSTANT SIZE    =   ----    ----
   XDATA SIZE       =   ----    ----
   PDATA SIZE       =   ----    ----
   DATA SIZE        =   ----    ----
   IDATA SIZE       =   ----    ----
   BIT SIZE         =   ----    ----
END OF MODULE INFORMATION.


C51 COMPILATION COMPLETE.  1 WARNING(S),  0 ERROR(S)
